// Jest Snapshot v1, https://goo.gl/fbAQLP

exports[`Table Renders with data and column props 1`] = `
<div
  className="rc-table"
>
  <div
    className="rc-table-container"
  >
    <div
      className="rc-table-content"
      onScroll={[Function]}
      style={Object {}}
    >
      <table
        style={
          Object {
            "tableLayout": "auto",
          }
        }
      >
        <colgroup>
          <col
            style={
              Object {
                "minWidth": 100,
                "width": 100,
              }
            }
          />
        </colgroup>
        <thead
          className="rc-table-thead"
        >
          <tr>
            <th
              className="rc-table-cell"
              colSpan={null}
              rowSpan={null}
              style={Object {}}
            >
              Name
            </th>
          </tr>
        </thead>
        <tbody
          className="rc-table-tbody"
        >
          <tr
            className="rc-table-row rc-table-row-level-0"
            onClick={[Function]}
            style={Object {}}
          >
            <td
              className="rc-table-cell"
              colSpan={null}
              rowSpan={null}
              style={Object {}}
            >
              Jack
            </td>
          </tr>
        </tbody>
      </table>
    </div>
  </div>
</div>
`;
