// Jest Snapshot v1, https://goo.gl/fbAQLP

exports[`Rendering Drawer 1`] = `null`;