// Jest Snapshot v1, https://goo.gl/fbAQLP

exports[`Rendering AutoComplete 1`] = `
<div
  className=""
>
  <div
    className="rd-searchBar"
  >
    <i
      className="fa fa-search"
    />
    <p>
      |
    </p>
    <div
      className="rc-select rd-searchBar-primary rc-select-single rc-select-show-search"
      onBlur={[Function]}
      onFocus={[Function]}
      onKeyDown={[Function]}
      onKeyUp={[Function]}
      onMouseDown={[Function]}
      style={Object {}}
    >
      <div
        className="rc-select-selector"
        onMouseDown={[Function]}
      >
        <span
          className="rc-select-selection-search"
        >
          <input
            aria-activedescendant="undefined_list_0"
            aria-autocomplete="list"
            aria-controls="undefined_list"
            aria-haspopup="listbox"
            aria-owns="undefined_list"
            autoComplete="off"
            className="rc-select-selection-search-input"
            onChange={[Function]}
            onCompositionEnd={[Function]}
            onCompositionStart={[Function]}
            onKeyDown={[Function]}
            onMouseDown={[Function]}
            onPaste={[Function]}
            readOnly={false}
            role="combobox"
            style={
              Object {
                "opacity": null,
              }
            }
            unselectable={null}
            value=""
          />
        </span>
        <span
          className="rc-select-selection-placeholder"
        >
          Enter Make or Model
        </span>
      </div>
    </div>
  </div>
</div>
`;
